分支管理

1.创建与合并分支

Git鼓励大量使用分支：
查看分支：git branch
创建分支：git branch <name>
切换分支：git checkout <name>
创建+切换分支：git checkout -b <name>
合并某分支到当前分支：git merge <name>
删除分支：git branch -d <name>

2.解决冲突
解决冲突之后,查看
git log --graph --pretty=oneline --abbrev-commit

3.分支管理策略
通常，合并分支时，如果可能，Git会用Fast forward模式，但这种模式下，删除分支后，会丢掉分支信息。
如果要强制禁用Fast forward模式，Git就会在merge时生成一个新的commit，这样，从分支历史上就可以看出分支信息。
普通合并模式:--no-ff
准备合并dev分支，请注意--no-ff参数，表示禁用Fast forward：
$ git merge --no-ff -m "merge with no-ff" dev

4.Bug分支
Git还提供了一个stash功能，可以把当前工作现场“储藏”起来，等以后恢复现场后继续工作：
$ git stash
Saved working directory and index state WIP on dev: f52c633 add merge
用git stash list 查看工作现场,Git把stash内容存在某个地方了
如果需要恢复一下，有两个办法：
一是用git stash apply恢复，但是恢复后，stash内容并不删除，你需要用git stash drop来删除；
另一种方式是用git stash pop，恢复的同时把stash内容也删了：

5.Feature分支
feature分支和bug分支是类似的，合并，然后删除。

但是如果直接删除而不合并的话,会出现一下结果
$ git branch -d feature-vulcan
error: The branch 'feature-vulcan' is not fully merged.
If you are sure you want to delete it, run 'git branch -D feature-vulcan'.
销毁失败。Git友情提醒，feature-vulcan分支还没有被合并，如果删除，将丢失掉修改，如果要强行删除，需要使用大写的-D参数。。
现在我们强行删除：
$ git branch -D feature-vulcan
Deleted branch feature-vulcan (was 287773e).
终于删除成功！

6.推送分支
推送分支，就是把该分支上的所有本地提交推送到远程库。推送时，要指定本地分支，这样，Git就会把该分支推送到远程库对应的远程分支上：
$ git push origin master
如果没有指定本地dev分支与远程origin/dev分支的链接,导致git pull失败，根据提示，设置dev和origin/dev的链接：
$ git branch --set-upstream-to=origin/dev dev
Branch 'dev' set up to track remote branch 'dev' from 'origin'.

多人协作的工作模式通常是这样：
首先，可以试图用git push origin <branch-name>推送自己的修改；
如果推送失败，则因为远程分支比你的本地更新，需要先用git pull试图合并；
如果合并有冲突，则解决冲突，并在本地提交；
没有冲突或者解决掉冲突后，再用git push origin <branch-name>推送就能成功！
如果git pull提示no tracking information，则说明本地分支和远程分支的链接关系没有创建，用命令git branch --set-upstream-to <branch-name> origin/<branch-name>。
这就是多人协作的工作模式，一旦熟悉了，就非常简单。

小结
查看远程库信息，使用git remote -v；
本地新建的分支如果不推送到远程，对其他人就是不可见的；
从本地推送分支，使用git push origin branch-name，如果推送失败，先用git pull抓取远程的新提交；
在本地创建和远程分支对应的分支，使用git checkout -b branch-name origin/branch-name，本地和远程分支的名称最好一致；
建立本地分支和远程分支的关联，使用git branch --set-upstream branch-name origin/branch-name；
从远程抓取分支，使用git pull，如果有冲突，要先处理冲突。

7.Rebase
查看记录
git log --graph --pretty=oneline --abbrev-commit

